// Jest Snapshot v1, https://goo.gl/fbAQLP

exports[`Counter renders correctly 1`] = `
<DocumentFragment>
  <div
    class="css-10qcrn4"
  >
    010
  </div>
</DocumentFragment>
`;
