// Jest Snapshot v1, https://goo.gl/fbAQLP

exports[`Scoreboard renders correctly 1`] = `
<DocumentFragment>
  <div
    class="css-1x0xxpv"
  >
    <div
      class="css-10qcrn4"
    >
      000
    </div>
    <select
      class="css-cvsgr"
    >
      <option
        class="css-1ibfzol"
        value="beginnner"
      >
        beginnner
      </option>
      <option
        class="css-1ibfzol"
        value="intermediate"
      >
        intermediate
      </option>
      <option
        class="css-1ibfzol"
        value="expert"
      >
        expert
      </option>
    </select>
    <button
      class="css-2jpmyz"
    >
      ðŸ˜Š
    </button>
    <div
      class="css-10qcrn4"
    >
      10
    </div>
  </div>
</DocumentFragment>
`;
