// Jest Snapshot v1, https://goo.gl/fbAQLP

exports[`GameWithHooks test cases Render behaiviour Render game field by default 1`] = `
<DocumentFragment>
  <div
    class="css-1ct4owg"
  >
    <header
      class="css-1mm4p1j"
    >
      <h1
        class="css-aqrpco"
      >
        Minesweeper
      </h1>
      <legend
        class="css-y5wpvr"
      >
        <strong>
          Flag: 
        </strong>
        <code
          class="css-1th0bce"
        >
          <span
            class="css-1eygtyr"
          >
            Ctrl
          </span>
           +  
          <span
            class="css-1r5wa4u"
          >
            Click
          </span>
        </code>
      </legend>
    </header>
    <div
      class="css-1bh93n8"
    >
      <div
        class="css-1x0xxpv"
      >
        <div
          class="css-10qcrn4"
        >
          0
        </div>
        <select
          class="css-cvsgr"
        >
          <option
            class="css-1ibfzol"
            value="beginner"
          >
            beginner
          </option>
          <option
            class="css-1ibfzol"
            value="intermediate"
          >
            intermediate
          </option>
          <option
            class="css-1ibfzol"
            value="expert"
          >
            expert
          </option>
        </select>
        <button
          class="css-2jpmyz"
        >
          ðŸ˜Š
        </button>
        <div
          class="css-10qcrn4"
        >
          10
        </div>
      </div>
      <div
        class="css-1p4hvro"
      >
        ðŸ˜Ž
      </div>
      <div
        class="css-1a9cl3f"
        size="9"
      >
        <div
          class="css-z6puck"
          data-testid="10_0,0"
          role="cell"
        />
        <div
          class="css-z6puck"
          data-testid="10_0,1"
          role="cell"
        />
        <div
          class="css-z6puck"
          data-testid="10_0,2"
          role="cell"
        />
        <div
          class="css-z6puck"
          data-testid="10_0,3"
          role="cell"
        />
        <div
          class="css-z6puck"
          data-testid="10_0,4"
          role="cell"
        />
        <div
          class="css-z6puck"
          data-testid="10_0,5"
          role="cell"
        />
        <div
          class="css-z6puck"
          data-testid="10_0,6"
          role="cell"
        />
        <div
          class="css-z6puck"
          data-testid="10_0,7"
          role="cell"
        />
        <div
          class="css-z6puck"
          data-testid="10_0,8"
          role="cell"
        />
        <div
          class="css-z6puck"
          data-testid="10_1,0"
          role="cell"
        />
        <div
          class="css-z6puck"
          data-testid="10_1,1"
          role="cell"
        />
        <div
          class="css-z6puck"
          data-testid="10_1,2"
          role="cell"
        />
        <div
          class="css-z6puck"
          data-testid="10_1,3"
          role="cell"
        />
        <div
          class="css-z6puck"
          data-testid="10_1,4"
          role="cell"
        />
        <div
          class="css-z6puck"
          data-testid="10_1,5"
          role="cell"
        />
        <div
          class="css-z6puck"
          data-testid="10_1,6"
          role="cell"
        />
        <div
          class="css-z6puck"
          data-testid="10_1,7"
          role="cell"
        />
        <div
          class="css-z6puck"
          data-testid="10_1,8"
          role="cell"
        />
        <div
          class="css-z6puck"
          data-testid="10_2,0"
          role="cell"
        />
        <div
          class="css-z6puck"
          data-testid="10_2,1"
          role="cell"
        />
        <div
          class="css-z6puck"
          data-testid="10_2,2"
          role="cell"
        />
        <div
          class="css-z6puck"
          data-testid="10_2,3"
          role="cell"
        />
        <div
          class="css-z6puck"
          data-testid="10_2,4"
          role="cell"
        />
        <div
          class="css-z6puck"
          data-testid="10_2,5"
          role="cell"
        />
        <div
          class="css-z6puck"
          data-testid="10_2,6"
          role="cell"
        />
        <div
          class="css-z6puck"
          data-testid="10_2,7"
          role="cell"
        />
        <div
          class="css-z6puck"
          data-testid="10_2,8"
          role="cell"
        />
        <div
          class="css-z6puck"
          data-testid="10_3,0"
          role="cell"
        />
        <div
          class="css-z6puck"
          data-testid="10_3,1"
          role="cell"
        />
        <div
          class="css-z6puck"
          data-testid="10_3,2"
          role="cell"
        />
        <div
          class="css-z6puck"
          data-testid="10_3,3"
          role="cell"
        />
        <div
          class="css-z6puck"
          data-testid="10_3,4"
          role="cell"
        />
        <div
          class="css-z6puck"
          data-testid="10_3,5"
          role="cell"
        />
        <div
          class="css-z6puck"
          data-testid="10_3,6"
          role="cell"
        />
        <div
          class="css-z6puck"
          data-testid="10_3,7"
          role="cell"
        />
        <div
          class="css-z6puck"
          data-testid="10_3,8"
          role="cell"
        />
        <div
          class="css-z6puck"
          data-testid="10_4,0"
          role="cell"
        />
        <div
          class="css-z6puck"
          data-testid="10_4,1"
          role="cell"
        />
        <div
          class="css-z6puck"
          data-testid="10_4,2"
          role="cell"
        />
        <div
          class="css-z6puck"
          data-testid="10_4,3"
          role="cell"
        />
        <div
          class="css-z6puck"
          data-testid="10_4,4"
          role="cell"
        />
        <div
          class="css-z6puck"
          data-testid="10_4,5"
          role="cell"
        />
        <div
          class="css-z6puck"
          data-testid="10_4,6"
          role="cell"
        />
        <div
          class="css-z6puck"
          data-testid="10_4,7"
          role="cell"
        />
        <div
          class="css-z6puck"
          data-testid="10_4,8"
          role="cell"
        />
        <div
          class="css-z6puck"
          data-testid="10_5,0"
          role="cell"
        />
        <div
          class="css-z6puck"
          data-testid="10_5,1"
          role="cell"
        />
        <div
          class="css-z6puck"
          data-testid="10_5,2"
          role="cell"
        />
        <div
          class="css-z6puck"
          data-testid="10_5,3"
          role="cell"
        />
        <div
          class="css-z6puck"
          data-testid="10_5,4"
          role="cell"
        />
        <div
          class="css-z6puck"
          data-testid="10_5,5"
          role="cell"
        />
        <div
          class="css-z6puck"
          data-testid="10_5,6"
          role="cell"
        />
        <div
          class="css-z6puck"
          data-testid="10_5,7"
          role="cell"
        />
        <div
          class="css-z6puck"
          data-testid="10_5,8"
          role="cell"
        />
        <div
          class="css-z6puck"
          data-testid="10_6,0"
          role="cell"
        />
        <div
          class="css-z6puck"
          data-testid="10_6,1"
          role="cell"
        />
        <div
          class="css-z6puck"
          data-testid="10_6,2"
          role="cell"
        />
        <div
          class="css-z6puck"
          data-testid="10_6,3"
          role="cell"
        />
        <div
          class="css-z6puck"
          data-testid="10_6,4"
          role="cell"
        />
        <div
          class="css-z6puck"
          data-testid="10_6,5"
          role="cell"
        />
        <div
          class="css-z6puck"
          data-testid="10_6,6"
          role="cell"
        />
        <div
          class="css-z6puck"
          data-testid="10_6,7"
          role="cell"
        />
        <div
          class="css-z6puck"
          data-testid="10_6,8"
          role="cell"
        />
        <div
          class="css-z6puck"
          data-testid="10_7,0"
          role="cell"
        />
        <div
          class="css-z6puck"
          data-testid="10_7,1"
          role="cell"
        />
        <div
          class="css-z6puck"
          data-testid="10_7,2"
          role="cell"
        />
        <div
          class="css-z6puck"
          data-testid="10_7,3"
          role="cell"
        />
        <div
          class="css-z6puck"
          data-testid="10_7,4"
          role="cell"
        />
        <div
          class="css-z6puck"
          data-testid="10_7,5"
          role="cell"
        />
        <div
          class="css-z6puck"
          data-testid="10_7,6"
          role="cell"
        />
        <div
          class="css-z6puck"
          data-testid="10_7,7"
          role="cell"
        />
        <div
          class="css-z6puck"
          data-testid="10_7,8"
          role="cell"
        />
        <div
          class="css-z6puck"
          data-testid="10_8,0"
          role="cell"
        />
        <div
          class="css-z6puck"
          data-testid="10_8,1"
          role="cell"
        />
        <div
          class="css-z6puck"
          data-testid="10_8,2"
          role="cell"
        />
        <div
          class="css-z6puck"
          data-testid="10_8,3"
          role="cell"
        />
        <div
          class="css-z6puck"
          data-testid="10_8,4"
          role="cell"
        />
        <div
          class="css-z6puck"
          data-testid="10_8,5"
          role="cell"
        />
        <div
          class="css-z6puck"
          data-testid="10_8,6"
          role="cell"
        />
        <div
          class="css-z6puck"
          data-testid="10_8,7"
          role="cell"
        />
        <div
          class="css-z6puck"
          data-testid="10_8,8"
          role="cell"
        />
      </div>
    </div>
  </div>
</DocumentFragment>
`;
