// Jest Snapshot v1, https://goo.gl/fbAQLP

exports[`GameName renders correctly 1`] = `
<DocumentFragment>
  <h1
    class="css-aqrpco"
  >
    Minesweeper
  </h1>
</DocumentFragment>
`;
